// Jest Snapshot v1, https://goo.gl/fbAQLP

exports[`SewageTable should render the table 1`] = `
<DocumentFragment>
  <div
    class="MuiContainer-root MuiContainer-maxWidthLg css-5c1adp-MuiContainer-root"
  >
    <h1
      class="MuiTypography-root MuiTypography-h4 MuiTypography-gutterBottom css-1it4a80-MuiTypography-root"
    >
      Industrial Sewage Data Overview
    </h1>
    <div
      class="MuiTableContainer-root css-kp6v00-MuiTableContainer-root"
    >
      <table
        class="MuiTable-root css-1xwxv7r-MuiTable-root"
      >
        <thead
          class="MuiTableHead-root css-1a7iywq-MuiTableHead-root"
        >
          <tr
            class="MuiTableRow-root MuiTableRow-head css-1xtozoh-MuiTableRow-root"
          >
            <th
              class="MuiTableCell-root MuiTableCell-head MuiTableCell-sizeMedium css-1orzuox-MuiTableCell-root"
              scope="col"
            >
              ID
            </th>
            <th
              class="MuiTableCell-root MuiTableCell-head MuiTableCell-sizeMedium css-1orzuox-MuiTableCell-root"
              scope="col"
            >
              Facility Owner
            </th>
            <th
              class="MuiTableCell-root MuiTableCell-head MuiTableCell-sizeMedium css-1orzuox-MuiTableCell-root"
              scope="col"
            >
              Site Address
            </th>
            <th
              class="MuiTableCell-root MuiTableCell-head MuiTableCell-sizeMedium css-1orzuox-MuiTableCell-root"
              scope="col"
            >
              Contaminant
            </th>
            <th
              class="MuiTableCell-root MuiTableCell-head MuiTableCell-sizeMedium css-1orzuox-MuiTableCell-root"
              scope="col"
            >
              Type of Exceedance
            </th>
            <th
              class="MuiTableCell-root MuiTableCell-head MuiTableCell-sizeMedium css-1orzuox-MuiTableCell-root"
              scope="col"
            >
              Exceedance Start Date
            </th>
            <th
              class="MuiTableCell-root MuiTableCell-head MuiTableCell-sizeMedium css-1orzuox-MuiTableCell-root"
              scope="col"
            >
              Exceedance End Date
            </th>
            <th
              class="MuiTableCell-root MuiTableCell-head MuiTableCell-sizeMedium css-1orzuox-MuiTableCell-root"
              scope="col"
            >
              Contaminant Limit
            </th>
            <th
              class="MuiTableCell-root MuiTableCell-head MuiTableCell-sizeMedium css-1orzuox-MuiTableCell-root"
              scope="col"
            >
              Contaminant Unit
            </th>
            <th
              class="MuiTableCell-root MuiTableCell-head MuiTableCell-sizeMedium css-1orzuox-MuiTableCell-root"
              scope="col"
            >
              Limit Frequency
            </th>
            <th
              class="MuiTableCell-root MuiTableCell-head MuiTableCell-sizeMedium css-1orzuox-MuiTableCell-root"
              scope="col"
            >
              No. of Exceedances
            </th>
            <th
              class="MuiTableCell-root MuiTableCell-head MuiTableCell-sizeMedium css-1orzuox-MuiTableCell-root"
              scope="col"
            >
              Quantity Maximum
            </th>
            <th
              class="MuiTableCell-root MuiTableCell-head MuiTableCell-sizeMedium css-1orzuox-MuiTableCell-root"
              scope="col"
            >
              Quantity Minimum
            </th>
          </tr>
        </thead>
        <tbody
          class="MuiTableBody-root css-gmh7jj-MuiTableBody-root"
        >
          <tr
            class="MuiTableRow-root css-1xtozoh-MuiTableRow-root"
          >
            <td
              class="MuiTableCell-root MuiTableCell-body MuiTableCell-sizeMedium css-1dc80h3-MuiTableCell-root"
            >
              1
            </td>
            <td
              class="MuiTableCell-root MuiTableCell-body MuiTableCell-sizeMedium css-1dc80h3-MuiTableCell-root"
            >
              Facility 1
            </td>
            <td
              class="MuiTableCell-root MuiTableCell-body MuiTableCell-sizeMedium css-1dc80h3-MuiTableCell-root"
            >
              Address 1
            </td>
            <td
              class="MuiTableCell-root MuiTableCell-body MuiTableCell-sizeMedium css-1dc80h3-MuiTableCell-root"
            >
              Contaminant 1
            </td>
            <td
              class="MuiTableCell-root MuiTableCell-body MuiTableCell-sizeMedium css-1dc80h3-MuiTableCell-root"
            >
              Exceedance 1
            </td>
            <td
              class="MuiTableCell-root MuiTableCell-body MuiTableCell-sizeMedium css-1dc80h3-MuiTableCell-root"
            >
              2024-01-01T00:00:00Z
            </td>
            <td
              class="MuiTableCell-root MuiTableCell-body MuiTableCell-sizeMedium css-1dc80h3-MuiTableCell-root"
            >
              2024-01-02T00:00:00Z
            </td>
            <td
              class="MuiTableCell-root MuiTableCell-body MuiTableCell-sizeMedium css-1dc80h3-MuiTableCell-root"
            >
              5
            </td>
            <td
              class="MuiTableCell-root MuiTableCell-body MuiTableCell-sizeMedium css-1dc80h3-MuiTableCell-root"
            >
              mg/L
            </td>
            <td
              class="MuiTableCell-root MuiTableCell-body MuiTableCell-sizeMedium css-1dc80h3-MuiTableCell-root"
            >
              Daily
            </td>
            <td
              class="MuiTableCell-root MuiTableCell-body MuiTableCell-sizeMedium css-1dc80h3-MuiTableCell-root"
            >
              2
            </td>
            <td
              class="MuiTableCell-root MuiTableCell-body MuiTableCell-sizeMedium css-1dc80h3-MuiTableCell-root"
            >
              10
            </td>
            <td
              class="MuiTableCell-root MuiTableCell-body MuiTableCell-sizeMedium css-1dc80h3-MuiTableCell-root"
            >
              1
            </td>
          </tr>
        </tbody>
      </table>
    </div>
  </div>
</DocumentFragment>
`;
