// Jest Snapshot v1, https://goo.gl/fbAQLP

exports[`PointSelector renders correctly 1`] = `
<DocumentFragment>
  <div
    class="MuiGrid2-root MuiGrid2-direction-xs-row MuiGrid2-grid-xs-12 MuiGrid2-grid-md-6 css-1odx5a8-MuiGrid2-root"
  >
    <div
      class="MuiBox-root css-1eruiwu"
    >
      <div
        class="MuiButtonGroup-root MuiButtonGroup-outlined MuiButtonGroup-vertical MuiButtonGroup-colorPrimary css-fbq7xj-MuiButtonGroup-root"
        role="group"
      >
        <button
          class="MuiButtonBase-root MuiButton-root MuiButton-outlined MuiButton-outlinedPrimary MuiButton-sizeMedium MuiButton-outlinedSizeMedium MuiButton-colorPrimary MuiButtonGroup-grouped MuiButtonGroup-groupedVertical MuiButtonGroup-groupedOutlined MuiButtonGroup-groupedOutlinedVertical MuiButtonGroup-groupedOutlinedPrimary MuiButton-root MuiButton-outlined MuiButton-outlinedPrimary MuiButton-sizeMedium MuiButton-outlinedSizeMedium MuiButton-colorPrimary MuiButtonGroup-grouped MuiButtonGroup-groupedVertical MuiButtonGroup-groupedOutlined MuiButtonGroup-groupedOutlinedVertical MuiButtonGroup-groupedOutlinedPrimary MuiButtonGroup-firstButton css-jx6btc-MuiButtonBase-root-MuiButton-root"
          tabindex="0"
          type="button"
        >
          Mynor Lake
        </button>
        <button
          class="MuiButtonBase-root MuiButton-root MuiButton-outlined MuiButton-outlinedPrimary MuiButton-sizeMedium MuiButton-outlinedSizeMedium MuiButton-colorPrimary MuiButtonGroup-grouped MuiButtonGroup-groupedVertical MuiButtonGroup-groupedOutlined MuiButtonGroup-groupedOutlinedVertical MuiButtonGroup-groupedOutlinedPrimary MuiButton-root MuiButton-outlined MuiButton-outlinedPrimary MuiButton-sizeMedium MuiButton-outlinedSizeMedium MuiButton-colorPrimary MuiButtonGroup-grouped MuiButtonGroup-groupedVertical MuiButtonGroup-groupedOutlined MuiButtonGroup-groupedOutlinedVertical MuiButtonGroup-groupedOutlinedPrimary MuiButtonGroup-lastButton css-jx6btc-MuiButtonBase-root-MuiButton-root"
          tabindex="0"
          type="button"
        >
          Red Lake
        </button>
      </div>
    </div>
  </div>
</DocumentFragment>
`;
