// Jest Snapshot v1, https://goo.gl/fbAQLP

exports[`ChartToolTip should render the tool tip 1`] = `
<DocumentFragment>
  <div
    class="MuiPaper-root MuiPaper-elevation MuiPaper-rounded MuiPaper-elevation1 MuiBox-root css-1u5qmo5-MuiPaper-root"
    style="--Paper-shadow: 0px 2px 1px -1px rgba(0,0,0,0.2),0px 1px 1px 0px rgba(0,0,0,0.14),0px 1px 3px 0px rgba(0,0,0,0.12); --Paper-overlay: linear-gradient(rgba(255, 255, 255, 0.051), rgba(255, 255, 255, 0.051));"
  >
    <div
      class="MuiGrid2-root MuiGrid2-direction-xs-row css-1fzlhpv-MuiGrid2-root"
    >
      <h6
        class="MuiTypography-root MuiTypography-h6 css-rc2ge0-MuiTypography-root"
      >
        Severity Score: 1
      </h6>
      <h6
        class="MuiTypography-root MuiTypography-h6 css-rc2ge0-MuiTypography-root"
      >
        Silly Score: 2
      </h6>
      <h6
        class="MuiTypography-root MuiTypography-h6 css-rc2ge0-MuiTypography-root"
      >
        Fun Score: 3
      </h6>
    </div>
  </div>
</DocumentFragment>
`;
